[tramites.saren.gob.ve/qr/f8b5ec9df5aadc8699ea6a8f1b605bf9612d910b48ec481bae89fb80b1416fa8.html]
[backblue.gif]
[fade.gif]
[index.html]
[tramites.saren.gob.ve/plugins/fontawesome-free/css/all.min.css]
[code.ionicframework.com/ionicons/2.0.1/css/ionicons.min.css]
[tramites.saren.gob.ve/dist/css/adminlte.min.css]
[tramites.saren.gob.ve/plugins/tempusdominus-bootstrap-4/css/tempusdominus-bootstrap-4.min.css]
[tramites.saren.gob.ve/plugins/icheck-bootstrap/icheck-bootstrap.min.css]
[tramites.saren.gob.ve/plugins/jqvmap/jqvmap.min.css]
[tramites.saren.gob.ve/plugins/overlayScrollbars/css/OverlayScrollbars.min.css]
[tramites.saren.gob.ve/plugins/daterangepicker/daterangepicker.css]
[tramites.saren.gob.ve/plugins/summernote/summernote-bs4.min.css]
[www.google.com/recaptcha/api7f74.js]
[tramites.saren.gob.ve/img/banner_saren_nuevo.png]
[tramites.saren.gob.ve/img/footer_saren.png]
[tramites.saren.gob.ve/plugins/jquery/jquery.min.js]
[tramites.saren.gob.ve/plugins/jquery-ui/jquery-ui.min.js]
[tramites.saren.gob.ve/plugins/bootstrap/js/bootstrap.bundle.min.js]
[tramites.saren.gob.ve/plugins/chart.js/Chart.min.js]
[tramites.saren.gob.ve/plugins/inputmask/jquery.inputmask.min.js]
[tramites.saren.gob.ve/plugins/sparklines/sparkline.js]
[tramites.saren.gob.ve/plugins/jqvmap/jquery.vmap.js]
[tramites.saren.gob.ve/plugins/jqvmap/maps/jquery.vmap.usa.js]
[tramites.saren.gob.ve/plugins/jquery-knob/jquery.knob.min.js]
[tramites.saren.gob.ve/plugins/moment/moment.min.js]
[tramites.saren.gob.ve/plugins/daterangepicker/daterangepicker.js]
[tramites.saren.gob.ve/plugins/tempusdominus-bootstrap-4/js/tempusdominus-bootstrap-4.min.js]
[tramites.saren.gob.ve/plugins/summernote/summernote-bs4.min.js]
[tramites.saren.gob.ve/plugins/overlayScrollbars/js/jquery.overlayScrollbars.min.js]
[tramites.saren.gob.ve/dist/js/adminlte.js]
[tramites.saren.gob.ve/dist/js/demo.js]
[tramites.saren.gob.ve/qr/f8b5ec9df5aadc8699ea6a8f1b605bf9612d910b48ec481bae89fb80b1416fa8.html]
[tramites.saren.gob.ve/plugins/fontawesome-free/css/all.min.css]
[code.ionicframework.com/ionicons/2.0.1/css/ionicons.min.css]
[tramites.saren.gob.ve/dist/css/adminlte.min.css]
[tramites.saren.gob.ve/plugins/tempusdominus-bootstrap-4/css/tempusdominus-bootstrap-4.min.css]
[tramites.saren.gob.ve/plugins/icheck-bootstrap/icheck-bootstrap.min.css]
[tramites.saren.gob.ve/plugins/jqvmap/jqvmap.min.css]
[tramites.saren.gob.ve/plugins/overlayScrollbars/css/OverlayScrollbars.min.css]
[tramites.saren.gob.ve/plugins/daterangepicker/daterangepicker.css]
[tramites.saren.gob.ve/plugins/summernote/font/summernote.eot]
[tramites.saren.gob.ve/plugins/summernote/font/summernoted41d.eot]
[tramites.saren.gob.ve/plugins/summernote/font/summernote.woff2]
[tramites.saren.gob.ve/plugins/summernote/font/summernote.woff]
[tramites.saren.gob.ve/plugins/summernote/font/summernote.ttf]
[tramites.saren.gob.ve/plugins/summernote/summernote-bs4.min.css]
